error: file missing
system ok
error: permission denied
